00:00 +0: loading C:/Users/alaam/hotel-search/integration_test/tests/home_test.dart
Running Gradle task 'assembleDebug'...                             15.3s
ΓêÜ Built build\app\outputs\flutter-apk\app-debug.apk
Installing build\app\outputs\flutter-apk\app-debug.apk...           5.1s
00:00 +0: C:/Users/alaam/hotel-search/integration_test/tests/home_test.dart: Home Page Widget Tests Verify presence of all tabs
00:03 +1: C:/Users/alaam/hotel-search/integration_test/tests/home_test.dart: Home Page Widget Tests Tap on Hotels tab
00:05 +2: C:/Users/alaam/hotel-search/integration_test/tests/home_test.dart: (tearDownAll)
00:05 +2: loading C:/Users/alaam/hotel-search/integration_test/tests/hotel_search_test.dart
Running Gradle task 'assembleDebug'...                             14.3s
ΓêÜ Built build\app\outputs\flutter-apk\app-debug.apk
Installing build\app\outputs\flutter-apk\app-debug.apk...          995ms
00:24 +2: C:/Users/alaam/hotel-search/integration_test/tests/hotel_search_test.dart: Search Page Widget Tests Verify Search Results
HotelsBloc Transition { currentState: HotelsState(false, SearchParams(, 2025-02-23 05:34:43.690124, 2025-02-24 05:34:43.690137), [], null, null, false), event: HotelsSearchUpdateEvent(SearchParams(egypt, 2025-02-23 05:34:43.690124, 2025-02-24 05:34:43.690137)), nextState: HotelsState(false, SearchParams(egypt, 2025-02-23 05:34:43.690124, 2025-02-24 05:34:43.690137), [], null, null, false) }
HotelsBloc Change { currentState: HotelsState(false, SearchParams(, 2025-02-23 05:34:43.690124, 2025-02-24 05:34:43.690137), [], null, null, false), nextState: HotelsState(false, SearchParams(egypt, 2025-02-23 05:34:43.690124, 2025-02-24 05:34:43.690137), [], null, null, false) }
HotelsBloc Transition { currentState: HotelsState(false, SearchParams(egypt, 2025-02-23 05:34:43.690124, 2025-02-24 05:34:43.690137), [], null, null, false), event: HotelsFetchNextPageEvent(), nextState: HotelsState(true, SearchParams(egypt, 2025-02-23 05:34:43.690124, 2025-02-24 05:34:43.690137), [], null, null, false) }
HotelsBloc Change { currentState: HotelsState(false, SearchParams(egypt, 2025-02-23 05:34:43.690124, 2025-02-24 05:34:43.690137), [], null, null, false), nextState: HotelsState(true, SearchParams(egypt, 2025-02-23 05:34:43.690124, 2025-02-24 05:34:43.690137), [], null, null, false) }
HotelsBloc Transition { currentState: HotelsState(true, SearchParams(egypt, 2025-02-23 05:34:43.690124, 2025-02-24 05:34:43.690137), [], null, null, false), event: HotelsFetchSuccessEvent(PaginatedResponse<Hotel>([Hotel(Hilton Hurghada Plaza, Location(27.2567539, 33.8305273), Bright rooms & suites in a refined beachfront hotel with 9 dining options, an outdoor pool & a spa.), Hotel(Chalets in Porto Sokhna - Pyramids - Families Only, Location(29.44318962097168, 32.476768493652344), null), Hotel(egypt pyramids inn, Location(29.9751228, 31.1410584), Down-to-earth rooms in an unpretentious hotel featuring a furnished terrace with pyramid views.), Hotel(Pyramids Power Inn, Location(29.972450256347656, 31.1430606842041), null), Hotel(M├╢venpick Resort El Quseir, Location(26.1538786, 34.2469657), Upscale quarters in a luxe beach resort offering fine dining, 2 pools & a spa, plus a diving center.), Hotel(Pyramids Planet Hotel, Location(29.961300500000004, 31.108020999999997), Unfussy hotel featuring breakfast & a communal kitchen, plus terraces with pyramid views.), Hotel(Atlantis Pyramids Inn, Location(29.968703400000003, 31.107339500000002), null), Hotel(TuT Pyramids View Hotel, Location(29.9726799, 31.1410254), null), Hotel(Abo Stait - Pyramid View Homestay, Location(29.975730895996094, 31.142330169677734), null), Hotel(Jaz Belvedere Resort, Location(27.981357499999998, 34.423175799999996), Conservative quarters in a posh all-inclusive resort featuring beach access, pools & a spa.), Hotel(family condo with panoramic sea view, Location(31.095462799072266, 29.731847763061523), null), Hotel(Atlantis pyramids inn, Location(29.968599319458008, 31.107389450073242), null), Hotel(Sphinx Palace Pyramids View inn, Location(29.9759395, 31.141298600000002), Low-key hotel featuring pyramid & a rooftop terrace, plus complimentary breakfast.), Hotel(9 Pyramids Lounge, Location(29.9677783, 31.1319209), Meze, kebabs, breakfast & stone-baked bread in a remote, open-sided restaurant next to the pyramids.), Hotel(The Australian Hostel Cairo, Location(30.0503919, 31.241540399999995), Simple rooms, some with shared bathrooms, in a modest B&B offering free Wi-Fi & a guest lounge.), Hotel(Porto Elsokna pyramids, Location(29.4445375, 32.4814335), null), Hotel(Protels Crystal Beach Resort, Location(25.2347266, 34.794483), null), Hotel(Fabulous View Pyramids, Location(29.9711316, 31.1037411), null), Hotel(Draz Pyramids View Inn, Location(29.978837999999996, 31.148344199999997), null), Hotel(Marriott Mena House, Cairo, Location(29.985364, 31.133072000000002), Polished rooms in an upmarket lodging with pyramid views, plus a golf course, a spa & 4 restaurants.)], CBI=)), nextState: HotelsState(false, SearchParams(egypt, 2025-02-23 05:34:43.690124, 2025-02-24 05:34:43.690137), [Hotel(Hilton Hurghada Plaza, Location(27.2567539, 33.8305273), Bright rooms & suites in a refined beachfront hotel with 9 dining options, an outdoor pool & a spa.), Hotel(Chalets in Porto Sokhna - Pyramids - Families Only, Location(29.44318962097168, 32.476768493652344), null), Hotel(egypt pyramids inn, Location(29.9751228, 31.1410584), Down-to-earth rooms in an unpretentious hotel featuring a furnished terrace with pyramid views.), Hotel(Pyramids Power Inn, Location(29.972450256347656, 31.1430606842041), null), Hotel(M├╢venpick Resort El Quseir, Location(26.1538786, 34.2469657), Upscale quarters in a luxe beach resort offering fine dining, 2 pools & a spa, plus a diving center.), Hotel(Pyramids Planet Hotel, Location(29.961300500000004, 31.108020999999997), Unfussy hotel featuring breakfast & a communal kitchen, plus terraces with pyramid views.), Hotel(Atlantis Pyramids Inn, Location(29.968703400000003, 31.107339500000002), null), Hotel(TuT Pyramids View Hotel, Location(29.9726799, 31.1410254), null), Hotel(Abo Stait - Pyramid View Homestay, Location(29.975730895996094, 31.142330169677734), null), Hotel(Jaz Belvedere Resort, Location(27.981357499999998, 34.423175799999996), Conservative quarters in a posh all-inclusive resort featuring beach access, pools & a spa.), Hotel(family condo with panoramic sea view, Location(31.095462799072266, 29.731847763061523), null), Hotel(Atlantis pyramids inn, Location(29.968599319458008, 31.107389450073242), null), Hotel(Sphinx Palace Pyramids View inn, Location(29.9759395, 31.141298600000002), Low-key hotel featuring pyramid & a rooftop terrace, plus complimentary breakfast.), Hotel(9 Pyramids Lounge, Location(29.9677783, 31.1319209), Meze, kebabs, breakfast & stone-baked bread in a remote, open-sided restaurant next to the pyramids.), Hotel(The Australian Hostel Cairo, Location(30.0503919, 31.241540399999995), Simple rooms, some with shared bathrooms, in a modest B&B offering free Wi-Fi & a guest lounge.), Hotel(Porto Elsokna pyramids, Location(29.4445375, 32.4814335), null), Hotel(Protels Crystal Beach Resort, Location(25.2347266, 34.794483), null), Hotel(Fabulous View Pyramids, Location(29.9711316, 31.1037411), null), Hotel(Draz Pyramids View Inn, Location(29.978837999999996, 31.148344199999997), null), Hotel(Marriott Mena House, Cairo, Location(29.985364, 31.133072000000002), Polished rooms in an upmarket lodging with pyramid views, plus a golf course, a spa & 4 restaurants.)], CBI=, null, false) }
HotelsBloc Change { currentState: HotelsState(true, SearchParams(egypt, 2025-02-23 05:34:43.690124, 2025-02-24 05:34:43.690137), [], null, null, false), nextState: HotelsState(false, SearchParams(egypt, 2025-02-23 05:34:43.690124, 2025-02-24 05:34:43.690137), [Hotel(Hilton Hurghada Plaza, Location(27.2567539, 33.8305273), Bright rooms & suites in a refined beachfront hotel with 9 dining options, an outdoor pool & a spa.), Hotel(Chalets in Porto Sokhna - Pyramids - Families Only, Location(29.44318962097168, 32.476768493652344), null), Hotel(egypt pyramids inn, Location(29.9751228, 31.1410584), Down-to-earth rooms in an unpretentious hotel featuring a furnished terrace with pyramid views.), Hotel(Pyramids Power Inn, Location(29.972450256347656, 31.1430606842041), null), Hotel(M├╢venpick Resort El Quseir, Location(26.1538786, 34.2469657), Upscale quarters in a luxe beach resort offering fine dining, 2 pools & a spa, plus a diving center.), Hotel(Pyramids Planet Hotel, Location(29.961300500000004, 31.108020999999997), Unfussy hotel featuring breakfast & a communal kitchen, plus terraces with pyramid views.), Hotel(Atlantis Pyramids Inn, Location(29.968703400000003, 31.107339500000002), null), Hotel(TuT Pyramids View Hotel, Location(29.9726799, 31.1410254), null), Hotel(Abo Stait - Pyramid View Homestay, Location(29.975730895996094, 31.142330169677734), null), Hotel(Jaz Belvedere Resort, Location(27.981357499999998, 34.423175799999996), Conservative quarters in a posh all-inclusive resort featuring beach access, pools & a spa.), Hotel(family condo with panoramic sea view, Location(31.095462799072266, 29.731847763061523), null), Hotel(Atlantis pyramids inn, Location(29.968599319458008, 31.107389450073242), null), Hotel(Sphinx Palace Pyramids View inn, Location(29.9759395, 31.141298600000002), Low-key hotel featuring pyramid & a rooftop terrace, plus complimentary breakfast.), Hotel(9 Pyramids Lounge, Location(29.9677783, 31.1319209), Meze, kebabs, breakfast & stone-baked bread in a remote, open-sided restaurant next to the pyramids.), Hotel(The Australian Hostel Cairo, Location(30.0503919, 31.241540399999995), Simple rooms, some with shared bathrooms, in a modest B&B offering free Wi-Fi & a guest lounge.), Hotel(Porto Elsokna pyramids, Location(29.4445375, 32.4814335), null), Hotel(Protels Crystal Beach Resort, Location(25.2347266, 34.794483), null), Hotel(Fabulous View Pyramids, Location(29.9711316, 31.1037411), null), Hotel(Draz Pyramids View Inn, Location(29.978837999999996, 31.148344199999997), null), Hotel(Marriott Mena House, Cairo, Location(29.985364, 31.133072000000002), Polished rooms in an upmarket lodging with pyramid views, plus a golf course, a spa & 4 restaurants.)], CBI=, null, false) }
FavoritesBloc Transition { currentState: FavoritesState([]), event: FavoritesUpdatedEvent([]), nextState: FavoritesState([]) }
FavoritesBloc Change { currentState: FavoritesState([]), nextState: FavoritesState([]) }
00:32 +3: C:/Users/alaam/hotel-search/integration_test/tests/hotel_search_test.dart: Search Page Widget Tests Verify Clear Results
00:34 +3: C:/Users/alaam/hotel-search/integration_test/tests/hotel_search_test.dart: Search Page Widget Tests Verify Search Results
HotelsBloc Transition { currentState: HotelsState(false, SearchParams(, 2025-02-23 05:34:49.722989, 2025-02-24 05:34:49.723002), [], null, null, false), event: HotelsSearchUpdateEvent(SearchParams(egypt, 2025-02-23 05:34:49.722989, 2025-02-24 05:34:49.723002)), nextState: HotelsState(false, SearchParams(egypt, 2025-02-23 05:34:49.722989, 2025-02-24 05:34:49.723002), [], null, null, false) }
HotelsBloc Change { currentState: HotelsState(false, SearchParams(, 2025-02-23 05:34:49.722989, 2025-02-24 05:34:49.723002), [], null, null, false), nextState: HotelsState(false, SearchParams(egypt, 2025-02-23 05:34:49.722989, 2025-02-24 05:34:49.723002), [], null, null, false) }
HotelsBloc Transition { currentState: HotelsState(false, SearchParams(egypt, 2025-02-23 05:34:49.722989, 2025-02-24 05:34:49.723002), [], null, null, false), event: HotelsFetchNextPageEvent(), nextState: HotelsState(true, SearchParams(egypt, 2025-02-23 05:34:49.722989, 2025-02-24 05:34:49.723002), [], null, null, false) }
HotelsBloc Change { currentState: HotelsState(false, SearchParams(egypt, 2025-02-23 05:34:49.722989, 2025-02-24 05:34:49.723002), [], null, null, false), nextState: HotelsState(true, SearchParams(egypt, 2025-02-23 05:34:49.722989, 2025-02-24 05:34:49.723002), [], null, null, false) }
HotelsBloc Transition { currentState: HotelsState(true, SearchParams(egypt, 2025-02-23 05:34:49.722989, 2025-02-24 05:34:49.723002), [], null, null, false), event: HotelsFetchSuccessEvent(PaginatedResponse<Hotel>([Hotel(Hilton Hurghada Plaza, Location(27.2567539, 33.8305273), Bright rooms & suites in a refined beachfront hotel with 9 dining options, an outdoor pool & a spa.), Hotel(Chalets in Porto Sokhna - Pyramids - Families Only, Location(29.44318962097168, 32.476768493652344), null), Hotel(egypt pyramids inn, Location(29.9751228, 31.1410584), Down-to-earth rooms in an unpretentious hotel featuring a furnished terrace with pyramid views.), Hotel(Pyramids Power Inn, Location(29.972450256347656, 31.1430606842041), null), Hotel(M├╢venpick Resort El Quseir, Location(26.1538786, 34.2469657), Upscale quarters in a luxe beach resort offering fine dining, 2 pools & a spa, plus a diving center.), Hotel(Pyramids Planet Hotel, Location(29.961300500000004, 31.108020999999997), Unfussy hotel featuring breakfast & a communal kitchen, plus terraces with pyramid views.), Hotel(Atlantis Pyramids Inn, Location(29.968703400000003, 31.107339500000002), null), Hotel(TuT Pyramids View Hotel, Location(29.9726799, 31.1410254), null), Hotel(Abo Stait - Pyramid View Homestay, Location(29.975730895996094, 31.142330169677734), null), Hotel(Jaz Belvedere Resort, Location(27.981357499999998, 34.423175799999996), Conservative quarters in a posh all-inclusive resort featuring beach access, pools & a spa.), Hotel(family condo with panoramic sea view, Location(31.095462799072266, 29.731847763061523), null), Hotel(Atlantis pyramids inn, Location(29.968599319458008, 31.107389450073242), null), Hotel(Sphinx Palace Pyramids View inn, Location(29.9759395, 31.141298600000002), Low-key hotel featuring pyramid & a rooftop terrace, plus complimentary breakfast.), Hotel(9 Pyramids Lounge, Location(29.9677783, 31.1319209), Meze, kebabs, breakfast & stone-baked bread in a remote, open-sided restaurant next to the pyramids.), Hotel(The Australian Hostel Cairo, Location(30.0503919, 31.241540399999995), Simple rooms, some with shared bathrooms, in a modest B&B offering free Wi-Fi & a guest lounge.), Hotel(Porto Elsokna pyramids, Location(29.4445375, 32.4814335), null), Hotel(Protels Crystal Beach Resort, Location(25.2347266, 34.794483), null), Hotel(Fabulous View Pyramids, Location(29.9711316, 31.1037411), null), Hotel(Draz Pyramids View Inn, Location(29.978837999999996, 31.148344199999997), null), Hotel(Marriott Mena House, Cairo, Location(29.985364, 31.133072000000002), Polished rooms in an upmarket lodging with pyramid views, plus a golf course, a spa & 4 restaurants.)], CBI=)), nextState: HotelsState(false, SearchParams(egypt, 2025-02-23 05:34:49.722989, 2025-02-24 05:34:49.723002), [Hotel(Hilton Hurghada Plaza, Location(27.2567539, 33.8305273), Bright rooms & suites in a refined beachfront hotel with 9 dining options, an outdoor pool & a spa.), Hotel(Chalets in Porto Sokhna - Pyramids - Families Only, Location(29.44318962097168, 32.476768493652344), null), Hotel(egypt pyramids inn, Location(29.9751228, 31.1410584), Down-to-earth rooms in an unpretentious hotel featuring a furnished terrace with pyramid views.), Hotel(Pyramids Power Inn, Location(29.972450256347656, 31.1430606842041), null), Hotel(M├╢venpick Resort El Quseir, Location(26.1538786, 34.2469657), Upscale quarters in a luxe beach resort offering fine dining, 2 pools & a spa, plus a diving center.), Hotel(Pyramids Planet Hotel, Location(29.961300500000004, 31.108020999999997), Unfussy hotel featuring breakfast & a communal kitchen, plus terraces with pyramid views.), Hotel(Atlantis Pyramids Inn, Location(29.968703400000003, 31.107339500000002), null), Hotel(TuT Pyramids View Hotel, Location(29.9726799, 31.1410254), null), Hotel(Abo Stait - Pyramid View Homestay, Location(29.975730895996094, 31.142330169677734), null), Hotel(Jaz Belvedere Resort, Location(27.981357499999998, 34.423175799999996), Conservative quarters in a posh all-inclusive resort featuring beach access, pools & a spa.), Hotel(family condo with panoramic sea view, Location(31.095462799072266, 29.731847763061523), null), Hotel(Atlantis pyramids inn, Location(29.968599319458008, 31.107389450073242), null), Hotel(Sphinx Palace Pyramids View inn, Location(29.9759395, 31.141298600000002), Low-key hotel featuring pyramid & a rooftop terrace, plus complimentary breakfast.), Hotel(9 Pyramids Lounge, Location(29.9677783, 31.1319209), Meze, kebabs, breakfast & stone-baked bread in a remote, open-sided restaurant next to the pyramids.), Hotel(The Australian Hostel Cairo, Location(30.0503919, 31.241540399999995), Simple rooms, some with shared bathrooms, in a modest B&B offering free Wi-Fi & a guest lounge.), Hotel(Porto Elsokna pyramids, Location(29.4445375, 32.4814335), null), Hotel(Protels Crystal Beach Resort, Location(25.2347266, 34.794483), null), Hotel(Fabulous View Pyramids, Location(29.9711316, 31.1037411), null), Hotel(Draz Pyramids View Inn, Location(29.978837999999996, 31.148344199999997), null), Hotel(Marriott Mena House, Cairo, Location(29.985364, 31.133072000000002), Polished rooms in an upmarket lodging with pyramid views, plus a golf course, a spa & 4 restaurants.)], CBI=, null, false) }
HotelsBloc Change { currentState: HotelsState(true, SearchParams(egypt, 2025-02-23 05:34:49.722989, 2025-02-24 05:34:49.723002), [], null, null, false), nextState: HotelsState(false, SearchParams(egypt, 2025-02-23 05:34:49.722989, 2025-02-24 05:34:49.723002), [Hotel(Hilton Hurghada Plaza, Location(27.2567539, 33.8305273), Bright rooms & suites in a refined beachfront hotel with 9 dining options, an outdoor pool & a spa.), Hotel(Chalets in Porto Sokhna - Pyramids - Families Only, Location(29.44318962097168, 32.476768493652344), null), Hotel(egypt pyramids inn, Location(29.9751228, 31.1410584), Down-to-earth rooms in an unpretentious hotel featuring a furnished terrace with pyramid views.), Hotel(Pyramids Power Inn, Location(29.972450256347656, 31.1430606842041), null), Hotel(M├╢venpick Resort El Quseir, Location(26.1538786, 34.2469657), Upscale quarters in a luxe beach resort offering fine dining, 2 pools & a spa, plus a diving center.), Hotel(Pyramids Planet Hotel, Location(29.961300500000004, 31.108020999999997), Unfussy hotel featuring breakfast & a communal kitchen, plus terraces with pyramid views.), Hotel(Atlantis Pyramids Inn, Location(29.968703400000003, 31.107339500000002), null), Hotel(TuT Pyramids View Hotel, Location(29.9726799, 31.1410254), null), Hotel(Abo Stait - Pyramid View Homestay, Location(29.975730895996094, 31.142330169677734), null), Hotel(Jaz Belvedere Resort, Location(27.981357499999998, 34.423175799999996), Conservative quarters in a posh all-inclusive resort featuring beach access, pools & a spa.), Hotel(family condo with panoramic sea view, Location(31.095462799072266, 29.731847763061523), null), Hotel(Atlantis pyramids inn, Location(29.968599319458008, 31.107389450073242), null), Hotel(Sphinx Palace Pyramids View inn, Location(29.9759395, 31.141298600000002), Low-key hotel featuring pyramid & a rooftop terrace, plus complimentary breakfast.), Hotel(9 Pyramids Lounge, Location(29.9677783, 31.1319209), Meze, kebabs, breakfast & stone-baked bread in a remote, open-sided restaurant next to the pyramids.), Hotel(The Australian Hostel Cairo, Location(30.0503919, 31.241540399999995), Simple rooms, some with shared bathrooms, in a modest B&B offering free Wi-Fi & a guest lounge.), Hotel(Porto Elsokna pyramids, Location(29.4445375, 32.4814335), null), Hotel(Protels Crystal Beach Resort, Location(25.2347266, 34.794483), null), Hotel(Fabulous View Pyramids, Location(29.9711316, 31.1037411), null), Hotel(Draz Pyramids View Inn, Location(29.978837999999996, 31.148344199999997), null), Hotel(Marriott Mena House, Cairo, Location(29.985364, 31.133072000000002), Polished rooms in an upmarket lodging with pyramid views, plus a golf course, a spa & 4 restaurants.)], CBI=, null, false) }
FavoritesBloc Transition { currentState: FavoritesState([]), event: FavoritesUpdatedEvent([]), nextState: FavoritesState([]) }
FavoritesBloc Change { currentState: FavoritesState([]), nextState: FavoritesState([]) }
HotelsBloc Transition { currentState: HotelsState(false, SearchParams(egypt, 2025-02-23 05:34:49.722989, 2025-02-24 05:34:49.723002), [Hotel(Hilton Hurghada Plaza, Location(27.2567539, 33.8305273), Bright rooms & suites in a refined beachfront hotel with 9 dining options, an outdoor pool & a spa.), Hotel(Chalets in Porto Sokhna - Pyramids - Families Only, Location(29.44318962097168, 32.476768493652344), null), Hotel(egypt pyramids inn, Location(29.9751228, 31.1410584), Down-to-earth rooms in an unpretentious hotel featuring a furnished terrace with pyramid views.), Hotel(Pyramids Power Inn, Location(29.972450256347656, 31.1430606842041), null), Hotel(M├╢venpick Resort El Quseir, Location(26.1538786, 34.2469657), Upscale quarters in a luxe beach resort offering fine dining, 2 pools & a spa, plus a diving center.), Hotel(Pyramids Planet Hotel, Location(29.961300500000004, 31.108020999999997), Unfussy hotel featuring breakfast & a communal kitchen, plus terraces with pyramid views.), Hotel(Atlantis Pyramids Inn, Location(29.968703400000003, 31.107339500000002), null), Hotel(TuT Pyramids View Hotel, Location(29.9726799, 31.1410254), null), Hotel(Abo Stait - Pyramid View Homestay, Location(29.975730895996094, 31.142330169677734), null), Hotel(Jaz Belvedere Resort, Location(27.981357499999998, 34.423175799999996), Conservative quarters in a posh all-inclusive resort featuring beach access, pools & a spa.), Hotel(family condo with panoramic sea view, Location(31.095462799072266, 29.731847763061523), null), Hotel(Atlantis pyramids inn, Location(29.968599319458008, 31.107389450073242), null), Hotel(Sphinx Palace Pyramids View inn, Location(29.9759395, 31.141298600000002), Low-key hotel featuring pyramid & a rooftop terrace, plus complimentary breakfast.), Hotel(9 Pyramids Lounge, Location(29.9677783, 31.1319209), Meze, kebabs, breakfast & stone-baked bread in a remote, open-sided restaurant next to the pyramids.), Hotel(The Australian Hostel Cairo, Location(30.0503919, 31.241540399999995), Simple rooms, some with shared bathrooms, in a modest B&B offering free Wi-Fi & a guest lounge.), Hotel(Porto Elsokna pyramids, Location(29.4445375, 32.4814335), null), Hotel(Protels Crystal Beach Resort, Location(25.2347266, 34.794483), null), Hotel(Fabulous View Pyramids, Location(29.9711316, 31.1037411), null), Hotel(Draz Pyramids View Inn, Location(29.978837999999996, 31.148344199999997), null), Hotel(Marriott Mena House, Cairo, Location(29.985364, 31.133072000000002), Polished rooms in an upmarket lodging with pyramid views, plus a golf course, a spa & 4 restaurants.)], CBI=, null, false), event: HotelsSearchUpdateEvent(SearchParams(, 2025-02-23 05:34:49.722989, 2025-02-24 05:34:49.723002)), nextState: HotelsState(false, SearchParams(, 2025-02-23 05:34:49.722989, 2025-02-24 05:34:49.723002), [], null, null, false) }
HotelsBloc Change { currentState: HotelsState(false, SearchParams(egypt, 2025-02-23 05:34:49.722989, 2025-02-24 05:34:49.723002), [Hotel(Hilton Hurghada Plaza, Location(27.2567539, 33.8305273), Bright rooms & suites in a refined beachfront hotel with 9 dining options, an outdoor pool & a spa.), Hotel(Chalets in Porto Sokhna - Pyramids - Families Only, Location(29.44318962097168, 32.476768493652344), null), Hotel(egypt pyramids inn, Location(29.9751228, 31.1410584), Down-to-earth rooms in an unpretentious hotel featuring a furnished terrace with pyramid views.), Hotel(Pyramids Power Inn, Location(29.972450256347656, 31.1430606842041), null), Hotel(M├╢venpick Resort El Quseir, Location(26.1538786, 34.2469657), Upscale quarters in a luxe beach resort offering fine dining, 2 pools & a spa, plus a diving center.), Hotel(Pyramids Planet Hotel, Location(29.961300500000004, 31.108020999999997), Unfussy hotel featuring breakfast & a communal kitchen, plus terraces with pyramid views.), Hotel(Atlantis Pyramids Inn, Location(29.968703400000003, 31.107339500000002), null), Hotel(TuT Pyramids View Hotel, Location(29.9726799, 31.1410254), null), Hotel(Abo Stait - Pyramid View Homestay, Location(29.975730895996094, 31.142330169677734), null), Hotel(Jaz Belvedere Resort, Location(27.981357499999998, 34.423175799999996), Conservative quarters in a posh all-inclusive resort featuring beach access, pools & a spa.), Hotel(family condo with panoramic sea view, Location(31.095462799072266, 29.731847763061523), null), Hotel(Atlantis pyramids inn, Location(29.968599319458008, 31.107389450073242), null), Hotel(Sphinx Palace Pyramids View inn, Location(29.9759395, 31.141298600000002), Low-key hotel featuring pyramid & a rooftop terrace, plus complimentary breakfast.), Hotel(9 Pyramids Lounge, Location(29.9677783, 31.1319209), Meze, kebabs, breakfast & stone-baked bread in a remote, open-sided restaurant next to the pyramids.), Hotel(The Australian Hostel Cairo, Location(30.0503919, 31.241540399999995), Simple rooms, some with shared bathrooms, in a modest B&B offering free Wi-Fi & a guest lounge.), Hotel(Porto Elsokna pyramids, Location(29.4445375, 32.4814335), null), Hotel(Protels Crystal Beach Resort, Location(25.2347266, 34.794483), null), Hotel(Fabulous View Pyramids, Location(29.9711316, 31.1037411), null), Hotel(Draz Pyramids View Inn, Location(29.978837999999996, 31.148344199999997), null), Hotel(Marriott Mena House, Cairo, Location(29.985364, 31.133072000000002), Polished rooms in an upmarket lodging with pyramid views, plus a golf course, a spa & 4 restaurants.)], CBI=, null, false), nextState: HotelsState(false, SearchParams(, 2025-02-23 05:34:49.722989, 2025-02-24 05:34:49.723002), [], null, null, false) }
00:35 +4: C:/Users/alaam/hotel-search/integration_test/tests/hotel_search_test.dart: (tearDownAll)
00:36 +4: All tests passed!
